vitest.config.ts (1:289) [33m[UNRESOLVED_IMPORT] [0mCould not resolve 'vitest/config' in vitest.config.ts
   [38;5;246m╭[0m[38;5;246m─[0m[38;5;246m[[0m vitest.config.ts:1:290 [38;5;246m][0m
   [38;5;246m│[0m
 [38;5;246m1 │[0m [38;5;249mc[0m[38;5;249mo[0m[38;5;249mn[0m[38;5;249ms[0m[38;5;249mt[0m[38;5;249m [0m[38;5;249m_[0m[38;5;249m_[0m[38;5;249mv[0m[38;5;249mi[0m[38;5;249mt[0m[38;5;249me[0m[38;5;249m_[0m[38;5;249mi[0m[38;5;249mn[0m[38;5;249mj[0m[38;5;249me[0m[38;5;249mc[0m[38;5;249mt[0m[38;5;249me[0m[38;5;249md[0m[38;5;249m_[0m[38;5;249mo[0m[38;5;249mr[0m[38;5;249mi[0m[38;5;249mg[0m[38;5;249mi[0m[38;5;249mn[0m[38;5;249ma[0m[38;5;249ml[0m[38;5;249m_[0m[38;5;249md[0m[38;5;249mi[0m[38;5;249mr[0m[38;5;249mn[0m[38;5;249ma[0m[38;5;249mm[0m[38;5;249me[0m[38;5;249m [0m[38;5;249m=[0m[38;5;249m [0m[38;5;249m"[0m[38;5;249me[0m[38;5;249m:[0m[38;5;249m\[0m[38;5;249m\[0m[38;5;249mx[0m[38;5;249mi[0m[38;5;249ma[0m[38;5;249mn[0m[38;5;249mg[0m[38;5;249mm[0m[38;5;249mu[0m[38;5;249m\[0m[38;5;249m\[0m[38;5;249mS[0m[38;5;249mP[0m[38;5;249m数[0m[38;5;249m据[0m[38;5;249m库[0m[38;5;249m"[0m[38;5;249m;[0m[38;5;249mc[0m[38;5;249mo[0m[38;5;249mn[0m[38;5;249ms[0m[38;5;249mt[0m[38;5;249m [0m[38;5;249m_[0m[38;5;249m_[0m[38;5;249mv[0m[38;5;249mi[0m[38;5;249mt[0m[38;5;249me[0m[38;5;249m_[0m[38;5;249mi[0m[38;5;249mn[0m[38;5;249mj[0m[38;5;249me[0m[38;5;249mc[0m[38;5;249mt[0m[38;5;249me[0m[38;5;249md[0m[38;5;249m_[0m[38;5;249mo[0m[38;5;249mr[0m[38;5;249mi[0m[38;5;249mg[0m[38;5;249mi[0m[38;5;249mn[0m[38;5;249ma[0m[38;5;249ml[0m[38;5;249m_[0m[38;5;249mf[0m[38;5;249mi[0m[38;5;249ml[0m[38;5;249me[0m[38;5;249mn[0m[38;5;249ma[0m[38;5;249mm[0m[38;5;249me[0m[38;5;249m [0m[38;5;249m=[0m[38;5;249m [0m[38;5;249m"[0m[38;5;249me[0m[38;5;249m:[0m[38;5;249m\[0m[38;5;249m\[0m[38;5;249mx[0m[38;5;249mi[0m[38;5;249ma[0m[38;5;249mn[0m[38;5;249mg[0m[38;5;249mm[0m[38;5;249mu[0m[38;5;249m\[0m[38;5;249m\[0m[38;5;249mS[0m[38;5;249mP[0m[38;5;249m数[0m[38;5;249m据[0m[38;5;249m库[0m[38;5;249m\[0m[38;5;249m\[0m[38;5;249mv[0m[38;5;249mi[0m[38;5;249mt[0m[38;5;249me[0m[38;5;249ms[0m[38;5;249mt[0m[38;5;249m.[0m[38;5;249mc[0m[38;5;249mo[0m[38;5;249mn[0m[38;5;249mf[0m[38;5;249mi[0m[38;5;249mg[0m[38;5;249m.[0m[38;5;249mt[0m[38;5;249ms[0m[38;5;249m"[0m[38;5;249m;[0m[38;5;249mc[0m[38;5;249mo[0m[38;5;249mn[0m[38;5;249ms[0m[38;5;249mt[0m[38;5;249m [0m[38;5;249m_[0m[38;5;249m_[0m[38;5;249mv[0m[38;5;249mi[0m[38;5;249mt[0m[38;5;249me[0m[38;5;249m_[0m[38;5;249mi[0m[38;5;249mn[0m[38;5;249mj[0m[38;5;249me[0m[38;5;249mc[0m[38;5;249mt[0m[38;5;249me[0m[38;5;249md[0m[38;5;249m_[0m[38;5;249mo[0m[38;5;249mr[0m[38;5;249mi[0m[38;5;249mg[0m[38;5;249mi[0m[38;5;249mn[0m[38;5;249ma[0m[38;5;249ml[0m[38;5;249m_[0m[38;5;249mi[0m[38;5;249mm[0m[38;5;249mp[0m[38;5;249mo[0m[38;5;249mr[0m[38;5;249mt[0m[38;5;249m_[0m[38;5;249mm[0m[38;5;249me[0m[38;5;249mt[0m[38;5;249ma[0m[38;5;249m_[0m[38;5;249mu[0m[38;5;249mr[0m[38;5;249ml[0m[38;5;249m [0m[38;5;249m=[0m[38;5;249m [0m[38;5;249m"[0m[38;5;249mf[0m[38;5;249mi[0m[38;5;249ml[0m[38;5;249me[0m[38;5;249m:[0m[38;5;249m/[0m[38;5;249m/[0m[38;5;249m/[0m[38;5;249me[0m[38;5;249m:[0m[38;5;249m/[0m[38;5;249mx[0m[38;5;249mi[0m[38;5;249ma[0m[38;5;249mn[0m[38;5;249mg[0m[38;5;249mm[0m[38;5;249mu[0m[38;5;249m/[0m[38;5;249mS[0m[38;5;249mP[0m[38;5;249m%[0m[38;5;249mE[0m[38;5;249m6[0m[38;5;249m%[0m[38;5;249m9[0m[38;5;249m5[0m[38;5;249m%[0m[38;5;249mB[0m[38;5;249m0[0m[38;5;249m%[0m[38;5;249mE[0m[38;5;249m6[0m[38;5;249m%[0m[38;5;249m8[0m[38;5;249mD[0m[38;5;249m%[0m[38;5;249mA[0m[38;5;249mE[0m[38;5;249m%[0m[38;5;249mE[0m[38;5;249m5[0m[38;5;249m%[0m[38;5;249mB[0m[38;5;249mA[0m[38;5;249m%[0m[38;5;249m9[0m[38;5;249m3[0m[38;5;249m/[0m[38;5;249mv[0m[38;5;249mi[0m[38;5;249mt[0m[38;5;249me[0m[38;5;249ms[0m[38;5;249mt[0m[38;5;249m.[0m[38;5;249mc[0m[38;5;249mo[0m[38;5;249mn[0m[38;5;249mf[0m[38;5;249mi[0m[38;5;249mg[0m[38;5;249m.[0m[38;5;249mt[0m[38;5;249ms[0m[38;5;249m"[0m[38;5;249m;[0m[38;5;249mi[0m[38;5;249mm[0m[38;5;249mp[0m[38;5;249mo[0m[38;5;249mr[0m[38;5;249mt[0m[38;5;249m [0m[38;5;249m{[0m[38;5;249m [0m[38;5;249md[0m[38;5;249me[0m[38;5;249mf[0m[38;5;249mi[0m[38;5;249mn[0m[38;5;249me[0m[38;5;249mC[0m[38;5;249mo[0m[38;5;249mn[0m[38;5;249mf[0m[38;5;249mi[0m[38;5;249mg[0m[38;5;249m [0m[38;5;249m}[0m[38;5;249m [0m[38;5;249mf[0m[38;5;249mr[0m[38;5;249mo[0m[38;5;249mm[0m[38;5;249m [0m'vitest/config'[38;5;249m;[0m
 [38;5;240m  │[0m                                                                                                                                                                                                                                                                                                        ───────┬───────  
 [38;5;240m  │[0m                                                                                                                                                                                                                                                                                                               ╰───────── Module not found, treating it as an external dependency
[38;5;246m───╯[0m

vitest.config.ts (3:22) [33m[UNRESOLVED_IMPORT] [0mCould not resolve 'unplugin-vue/vite' in vitest.config.ts
   [38;5;246m╭[0m[38;5;246m─[0m[38;5;246m[[0m vitest.config.ts:3:23 [38;5;246m][0m
   [38;5;246m│[0m
 [38;5;246m3 │[0m [38;5;249mi[0m[38;5;249mm[0m[38;5;249mp[0m[38;5;249mo[0m[38;5;249mr[0m[38;5;249mt[0m[38;5;249m [0m[38;5;249mv[0m[38;5;249mu[0m[38;5;249me[0m[38;5;249mP[0m[38;5;249ml[0m[38;5;249mu[0m[38;5;249mg[0m[38;5;249mi[0m[38;5;249mn[0m[38;5;249m [0m[38;5;249mf[0m[38;5;249mr[0m[38;5;249mo[0m[38;5;249mm[0m[38;5;249m [0m'unplugin-vue/vite'[38;5;249m;[0m
 [38;5;240m  │[0m                       ─────────┬─────────  
 [38;5;240m  │[0m                                ╰─────────── Module not found, treating it as an external dependency
[38;5;246m───╯[0m

[31mfailed to load config from e:\xiangmu\SP数据库\vitest.config.ts[39m

[31m⎯⎯⎯⎯⎯⎯⎯[39m[1m[41m Startup Error [49m[22m[31m⎯⎯⎯⎯⎯⎯⎯⎯[39m
Error [ERR_MODULE_NOT_FOUND]: Cannot find package 'vitest' imported from e:\xiangmu\SP数据库\vitest.config.ts.timestamp-1779967956231-ca159432fedb6.mjs
    at Object.getPackageJSONURL (node:internal/modules/package_json_reader:256:9)
    at packageResolve (node:internal/modules/esm/resolve:768:81)
    at moduleResolve (node:internal/modules/esm/resolve:854:18)
    at defaultResolve (node:internal/modules/esm/resolve:984:11)
    at ModuleLoader.defaultResolve (node:internal/modules/esm/loader:780:12)
    at #cachedDefaultResolve (node:internal/modules/esm/loader:704:25)
    at ModuleLoader.resolve (node:internal/modules/esm/loader:687:38)
    at ModuleLoader.getModuleJobForImport (node:internal/modules/esm/loader:305:38)
    at ModuleJob._link (node:internal/modules/esm/module_job:137:49) {
  code: 'ERR_MODULE_NOT_FOUND'
}



